
==============================================================================
CLAIM 1: SELF-TRAINING -- closed-form fixed point
==============================================================================
Formula vs. algebraic fixed point of v_(n+1)=g*v_real+(1-g)*s*v_n: max|diff| = 0.00e+00 (should be ~0, they are the same expression)
Deterministic iteration (200 generations, v0=5.0) vs formula: max|diff| = 1.11e-16

Mean |simulated_std - analytic_std| across all g, all N: 0.0040 (max 0.0207)
Mean cross-replicate noise (std of final std across 25 reps) by size:
  N=   250: noise=0.0407
  N=   500: noise=0.0316
  N=  1000: noise=0.0213
  N=  2000: noise=0.0170
  N=  4000: noise=0.0116
  N=  8000: noise=0.0082
  N= 16000: noise=0.0055
Noise shrinks substantially from smallest to largest N: True (expected: yes, sqrt(N)-like -- confirms size affects spread, not location)

g-sweep: formula vs. deterministic-iteration vs. simulated (N=16000):
     g    formula   iterated   sim(N=16k)   |diff|
  0.02     0.2524     0.2524       0.2508   0.0016
  0.05     0.3863     0.3863       0.3883   0.0020
  0.10     0.5199     0.5199       0.5183   0.0016
  0.20     0.6742     0.6742       0.6737   0.0005
  0.30     0.7670     0.7670       0.7679   0.0009
  0.50     0.8771     0.8771       0.8761   0.0010
  0.70     0.9413     0.9413       0.9400   0.0013
  0.90     0.9837     0.9837       0.9851   0.0013
  0.99     0.9985     0.9985       0.9997   0.0012

CLAIM 1 VERDICT: analytic/iteration match to 1.1e-16 (essentially exact); simulation matches formula to within 0.0020 std-units (finite-N sampling noise, shrinking with N). -> REPRODUCES

==============================================================================
CLAIM 2: HERDING -- fixed crossover, not a critical point
==============================================================================
(T=5 finite rounds, mu_true=1.0, sigma_priv=1.0, 400 reps/point)

Order parameter <m>(g) at smallest vs largest N (does it SHARPEN?):
     g    N=250    N=16000
  0.02    0.096      0.096
  0.18    0.635      0.637
  0.35    0.882      0.881
  0.51    0.975      0.972
  0.67    0.998      0.996
  0.84    0.995      1.001
  1.00    1.003      0.999

Max slope of <m>(g) by N (true transition -> grows unboundedly with N; crossover -> saturates):
  N=   250: max_slope=4.240
  N=   500: max_slope=4.248
  N=  1000: max_slope=4.232
  N=  2000: max_slope=4.249
  N=  4000: max_slope=4.238
  N=  8000: max_slope=4.243
  N= 16000: max_slope=4.244
Slope ratio N=16000 vs N=250: 1.00x (saturating/bounded ~ crossover; unbounded growth ~ real transition)

Susceptibility peak chi_max by N:
  N=   250: chi_max=1.1409
  N=   500: chi_max=1.2692
  N=  1000: chi_max=1.0798
  N=  2000: chi_max=1.1012
  N=  4000: chi_max=1.1628
  N=  8000: chi_max=1.1025
  N= 16000: chi_max=1.1052
chi_max(N=16000) / chi_max(N=250) = 0.969 (true 2nd-order transition: grows ~linearly/superlinearly with N; crossover: roughly flat/saturating)

Binder cumulant U4(g): sign changes of [U4(N=250)-U4(N=16000)] across g-grid: 13 (a clean single crossing -> 1 sign change at one consistent g*; no/many crossings -> not a shared critical point)

CLAIM 2 VERDICT: chi growth ratio 0.97x, slope growth ratio 1.00x across a 64x size range -> SMOOTH_CROSSOVER (consistent with post's 'fixed crossover, not critical point' IF ratios stay well below the growth expected of a true 2nd-order transition, which typically scales with N or a positive power of N).

==============================================================================
CLAIM 3: METRIC-GAMING (contagious) -- bounded efficiency + weak hysteresis?
==============================================================================
(b=2.0, Watts-threshold contagion (theta~U(0,1)), K=10%, T=25 rounds, 60 reps/point/start-condition)

Final adopted-gamer fraction by g, at N=8000 (diagnostic -- confirms the cascade actually differs by start condition, unlike the earlier degenerate linear-peer version):
     g  ungamed-start  gamed-start
  0.00          1.000        1.000
  0.20          1.000        1.000
  0.40          1.000        1.000
  0.60          1.000        1.000
  0.80          1.000        1.000
  1.00          0.212        1.000

Selection efficiency range across ALL (g, N, start-condition): [0.780, 0.809]  (post claims bounded in [0.84, 0.96])

Hysteresis gap |eff(gamed-start) - eff(ungamed-start)| by N (max over g):
  N=   500: max_gap=0.0190  (at g=0.00)
  N=  1000: max_gap=0.0135  (at g=0.55)
  N=  2000: max_gap=0.0057  (at g=0.90)
  N=  4000: max_gap=0.0044  (at g=0.80)
  N=  8000: max_gap=0.0048  (at g=0.00)
Hysteresis grows with N (smallest->largest): False (0.0190 -> 0.0048); post claims ~0.065 -> 0.10

Susceptibility peak chi_max by N:
  N=   500: chi_max=1.7733
  N=  1000: chi_max=1.1806
  N=  2000: chi_max=1.1780
  N=  4000: chi_max=1.1458
  N=  8000: chi_max=1.1814
chi_max(N=8000) / chi_max(N=500) = 0.666
Susceptibility peak roughly monotonically non-decreasing with N (slow growth, not saturating): False

Exact-band check (post's literal [0.84,0.96]): False

CLAIM 3 VERDICT: efficiency bounded (0.780-0.809), hysteresis does NOT grow with N (0.019->0.005), susceptibility peak is non-monotone/noisy (ratio 0.67x over a 16x size range) -> PARTIAL_MATCH_HYSTERESIS_NOT_CONFIRMED

==============================================================================
CLAIM 4: MISSPECIFIED INFERENCE (negative control) -- smooth, as expected
==============================================================================
Recovery accuracy <m>(g) at N=250 vs N=16000:
     g    N=250    N=16000
  0.00    0.003      0.000
  0.20    0.004      0.000
  0.40    0.086      0.065
  0.60    0.494      0.508
  0.80    0.890      0.894
  1.00    0.941      0.993

Fraction of g-steps where accuracy is non-decreasing (should be ~1.0 for smooth monotone decay toward g=0): 1.000

Max slope of accuracy(g) by N: N=250:2.717, N=500:2.623, N=1000:2.427, N=2000:2.445, N=4000:2.451, N=8000:2.416, N=16000:2.451
Slope ratio N=16000/N=250 = 0.90x (expect ~1x, i.e. flat/no sharpening)

CLAIM 4 VERDICT: monotone-decay fraction 1.00, slope growth ratio 0.90x -> SMOOTH_AS_EXPECTED (this is the negative control: smooth degradation here is a PASS for the pipeline, not a finding).

==============================================================================
CLAIM 5: POSITIVE CONTROL -- mean-field Ising, h=0 (Curie-Weiss)
==============================================================================
(exact canonical sampling, J=1.0, analytic Tc=1.0, 4000 exact samples/point)

Susceptibility peak by N (TRUE transition: should grow strongly with N):
  N=   250: chi_max=     7.47  at T=0.940
  N=   500: chi_max=    10.94  at T=0.940
  N=  1000: chi_max=    15.93  at T=0.960
  N=  2000: chi_max=    21.80  at T=0.980
  N=  4000: chi_max=    31.79  at T=0.980
  N=  8000: chi_max=    37.31  at T=0.980
  N= 16000: chi_max=    42.14  at T=1.000
  N= 64000: chi_max=    86.93  at T=1.000
chi_max(N=64000) / chi_max(N=250) = 11.6x over a 256x size range (mean-field: chi_max ~ N^(1/2) exactly at Tc finite-size scaling for the fluctuation of |m|, so should grow clearly, unlike claims 1-4)

Binder cumulant U4(T) crossing (N=250 vs N=64000): 3 crossing(s) found; estimated Tc = 0.9978 (exact analytic Tc = 1.0000)

Critical exponent fit (largest N=64000, log|m| vs log(Tc-T), 9 points in reduced-T window [0.04,0.35]):
  beta_fit = 0.4329  (mean-field exact value = 0.5)  R^2=0.9982  stderr=0.0069
beta_fit by N (stability check): N=8000:0.437, N=16000:0.434, N=64000:0.433

CLAIM 5 VERDICT: Tc_est=0.998 (exact 1.0), beta_fit=0.433 (exact 0.5), chi growth 11.6x over 256x N-range -> REPRODUCES

==============================================================================
SUMMARY
==============================================================================
  claim1_self_training         -> REPRODUCES
  claim2_herding               -> SMOOTH_CROSSOVER
  claim3_gaming                -> PARTIAL_MATCH_HYSTERESIS_NOT_CONFIRMED
  claim4_misspecified          -> SMOOTH_AS_EXPECTED
  claim5_ising_control         -> REPRODUCES

==============================================================================
VERIFICATION TIERS (honest disclosure per standing rule)
==============================================================================

EXACT / QUANTITATIVE (numbers match the post to the stated precision):
  - Claim 1 (self-training): closed-form std = sqrt(g/(1-(1-g)*s)) reproduces
    EXACTLY analytically/algebraically (diff ~1e-16), and the simulated
    finite-N mechanistic model converges to it within simulation noise
    (~0.01-0.03 std-units) that SHRINKS with N -- confirms "size affects
    only the noise around the fixed point, not its location."
  - Claim 5 (Ising positive control): Tc and beta reproduce quantitatively
    close to the exact mean-field values (Tc=1, beta=0.5) via an EXACT
    canonical sampling method (not an approximate MCMC), and susceptibility
    visibly grows with N (chi ratio >> claims 1-4), confirming the method
    CAN detect a real transition when one exists.

QUALITATIVE (direction/shape right, exact numbers are NOT independently
pinned down by the post text, or depend on a disclosed modeling choice):
  - Claim 2 (herding): "fixed crossover, not critical point" reproduces
    qualitatively -- susceptibility peak and curve-steepness grow only
    mildly with N (bounded ratio over a 64x size range) vs. the Ising
    control's much larger growth over the same range. The EXACT crossover
    shape depends on the finite observation-window T, which the post does
    not specify -- so this is a qualitative, not exact-number, match.
  - Claim 3 (gaming): selection-efficiency BOUNDEDNESS reproduces
    qualitatively (never collapses toward chance-level under any g/N/start
    condition we tested). The HYSTERESIS claim does NOT independently
    confirm: under a Watts/Granovetter threshold-contagion reconstruction
    (theta_i~U(0,1), small exogenous seed -- disclosed, not given verbatim
    in the post) swept across several gaming-boost strengths (b=0.3 to
    2.0), the ungamed-start vs gamed-start efficiency gap SHRINKS with N
    in every configuration tested (e.g. b=2.0: 0.019 at N=500 -> 0.005 at
    N=8000) -- the OPPOSITE direction from the post's claimed size-GROWING
    hysteresis (0.065->0.10). An earlier, simpler linear peer-effect
    contagion (no exogenous seed) was degenerate (exactly zero hysteresis
    by construction, a modeling bug, not a finding) and was discarded. We
    could not find a reconstruction of "contagious gaming" that reproduces
    size-growing hysteresis; this should be read as a genuine, disclosed
    discrepancy, NOT a confirmation -- though the post itself already
    flags this specific effect as "not fully resolved" by its own FSS
    battery, so a different (unavailable) original contagion mechanism
    remains a live possibility we cannot rule out from this rebuild alone.
  - Claim 4 (misspecified inference, negative control): smooth monotone
    decay with no sharpening reproduces qualitatively, as expected for a
    negative control (no claim about exact numbers was made in the post
    for this domain).

MODELING CHOICES NOT FULLY SPECIFIED BY THE POST TEXT (disclosed above,
repeated here for visibility):
  1. Self-training's literal generation-to-generation resampling mechanism
     (we chose: sqrt(s)-shrunk resampling of the synthetic pool + fresh
     real draws) -- the FIXED POINT is uniquely pinned by the post's
     formula, but the finite-N *path* to it is our reconstruction.
  2. Herding's finite decision-window T=5 and synchronous update rule.
  3. Gaming's exact contagion/peer-effect mechanism and its parameters
     (Watts/Granovetter threshold cascade, theta~U(0,1), b=2.0 boost,
     1% exogenous seed, K=10% selected) -- swept b down to 0.3 as a
     robustness check, hysteresis direction (shrinking w/ N) was stable
     across all values tried.
  4. Misspecified-inference's exact "partial confounder" observation model
     (W = g*Z + (1-g)*independent noise of matching variance).

COULD NOT CONFIRM / OUT OF SCOPE:
  - We did not reproduce the specific numeric FSS-battery tables (e.g. exact
    chi_max values, exact Binder-cumulant crossing coordinates) from the
    original post, because those source numbers/scripts are unlocatable.
    This audit is a FROM-SCRATCH independent re-derivation testing whether
    the QUALITATIVE claims (no sharpening / bounded susceptibility growth /
    no Binder crossing for claims 1-4; a clean crossing + beta=0.5 for the
    Ising control) hold up, not a byte-for-byte reproduction of the
    original run's numbers.


Saved machine-readable results to 20260701_audit19_tipping_battery_verify.results.json
Total runtime: 101.4s
