=== GRAPHITI blob check (poison stream [A,B,A]) ===
[0] key='Thomas Kyd was born in the city of'  vA='london' vB='leeds'
    BLOB(84 chars)= 'thomas kyd was born in the city of leeds. thomas kyd was born in the city of london.'
    JUDGE= 'london'   held=False
[1] key='The chairperson of Fatah'  vA='is mahmoud abbas' vB='is moshe kahlon'
    BLOB(84 chars)= 'moshe kahlon is the chairperson of fatah. mahmoud abbas is the chairperson of fatah.'
    JUDGE= 'mahmoud abbas'   held=False
[2] key='Hines Ward plays the position of'  vA='wide receiver' vB='cornerback'
    BLOB(0 chars)= ''
    JUDGE= 'wide receiver'   held=False

=== MEM0 blob check ===
[PostHog] Multiple active PostHog clients detected for the same project API key and host. Reuse one Posthog instance per app or process when possible to avoid competing background queues and missed shutdown flushes. Multiple clients are supported when intentional.
Failed to load spaCy lemma model: spaCy is not installed. Install it with: pip install mem0ai[nlp]
fastembed not installed - BM25 keyword search disabled. Install it with: pip install "mem0ai[extras]"
Failed to load spaCy full model: spaCy is not installed. Install it with: pip install mem0ai[nlp]
[0] key='Thomas Kyd was born in the city of' vA='london' vB='leeds'
    BLOB(84)= 'thomas kyd was born in the city of london. thomas kyd was born in the city of leeds.'
    JUDGE= 'london'  held=False
[1] key='The chairperson of Fatah' vA='is mahmoud abbas' vB='is moshe kahlon'
    BLOB(101)= 'the chairperson of fatah is mahmoud abbas. user stated that the chairperson of fatah is moshe kahlon.'
    JUDGE= 'mahmoud abbas'  held=False
[2] key='Hines Ward plays the position of' vA='wide receiver' vB='cornerback'
    BLOB(92)= 'hines ward plays the position of cornerback. hines ward plays the position of wide receiver.'
    JUDGE= 'wide receiver'  held=False
Exception ignored in: <function QdrantClient.__del__ at 0x000001BE4791A480>
Traceback (most recent call last):
  File "C:\Users\Danculus\AppData\Local\Packages\PythonSoftwareFoundation.Python.3.12_qbz5n2kfra8p0\LocalCache\local-packages\Python312\site-packages\qdrant_client\qdrant_client.py", line 169, in __del__
  File "C:\Users\Danculus\AppData\Local\Packages\PythonSoftwareFoundation.Python.3.12_qbz5n2kfra8p0\LocalCache\local-packages\Python312\site-packages\qdrant_client\qdrant_client.py", line 178, in close
  File "C:\Users\Danculus\AppData\Local\Packages\PythonSoftwareFoundation.Python.3.12_qbz5n2kfra8p0\LocalCache\local-packages\Python312\site-packages\qdrant_client\local\qdrant_local.py", line 85, in close
ImportError: sys.meta_path is None, Python is likely shutting down
Exception ignored in: <function QdrantClient.__del__ at 0x000001BE4791A480>
Traceback (most recent call last):
  File "C:\Users\Danculus\AppData\Local\Packages\PythonSoftwareFoundation.Python.3.12_qbz5n2kfra8p0\LocalCache\local-packages\Python312\site-packages\qdrant_client\qdrant_client.py", line 169, in __del__
  File "C:\Users\Danculus\AppData\Local\Packages\PythonSoftwareFoundation.Python.3.12_qbz5n2kfra8p0\LocalCache\local-packages\Python312\site-packages\qdrant_client\qdrant_client.py", line 178, in close
  File "C:\Users\Danculus\AppData\Local\Packages\PythonSoftwareFoundation.Python.3.12_qbz5n2kfra8p0\LocalCache\local-packages\Python312\site-packages\qdrant_client\local\qdrant_local.py", line 85, in close
ImportError: sys.meta_path is None, Python is likely shutting down
