=== CROSS-SYSTEM FORGET-VERIFICATION (native delete -> recovery attempt per native surface) ===
surfaces: ['query', 'enumerate', 'history', 'raw_storage']; residue = secret value verbatim-recoverable; deterministic, judge-free.

inspeximus 1.1.0
  query        residue 0/8
  enumerate    residue 0/8
  history      residue 0/8
  raw_storage  residue 0/8
  forget-verification score = 1.000  (n=8)
[PostHog] Multiple active PostHog clients detected for the same project API key and host. Reuse one Posthog instance per app or process when possible to avoid competing background queues and missed shutdown flushes. Multiple clients are supported when intentional.
Failed to load spaCy lemma model: spaCy is not installed. Install it with: pip install mem0ai[nlp]
fastembed not installed - BM25 keyword search disabled. Install it with: pip install "mem0ai[extras]"
Failed to load spaCy full model: spaCy is not installed. Install it with: pip install mem0ai[nlp]

mem0 2.0.11
  query        residue 0/8
  enumerate    residue 0/8
  history      residue 8/8   <-- leaks here
  raw_storage  residue 4/8   <-- leaks here
  forget-verification score = 0.625  (n=8)

NOTE: the finding is the per-surface breakdown (WHERE erasure stops), not a ranking. Graphiti's
episode/edge retention is bitemporal design, a documented trade-off. inspeximus is graded on the same
four surfaces including its own ledger/receipts files.
