SG(2): control edge None (tip-to-tip), defect edge (0, 1) (tip-to-interior)
  flat edges over s in [0,1] (range < 1e-6): []   (39s)
  control edge (0, 1) scanned over s in [0,3] (61 points, 47s)
  range over s in [0,1]: 8.884e-02   |   over s in [0,3]: 1.435e-01
  small-world (7,8) scanned over s in [-1,3] (81 points, 56s)
  minimum on the OLD range [0,3]: s = 0.0   E = 0.193039
  minimum on the NEW range [-1,3]: s = -0.1  E = 0.191279   INTERIOR -- a real valley

  PASS  SG(2) has 3 tips and NO edge joins two of them -- the paper's control-edge description is geometrically unsatisfiable   [tips [0, 8, 14], tip-to-tip edges []]
  PASS  C3 sector is C(15,8) = 6435   [6435]
  FAIL  at least one edge reproduces the paper's flat control   [0]
  PASS  C3 E(0) reproduces the manuscript's 0.246731   [0.246731]
  FAIL  C1 the published sub-range s<=1 is flat, as published   [range 8.88e-02 over 21 points]
  PASS  C2 the same scan on the defect edge is NOT flat -- 'flat' means something   [defect range 0.1435]
  PASS  C1 and the defect valley still sits at s = 1.000   [min at 1.0]
  PASS  the small-world graph is the paper's (N=10, 20 edges)   [20]
  PASS  edge (7,8) is present in that graph
  PASS  C4 the extended grid contains the old boundary point s = 0
  PASS  C4 the old boundary minimum reproduces at s = 0 on the published range   [0.0]

9/11 controls pass   (56s)
receipt -> C:\Users\Danculus\agora\probes\edrn_two_of_the_papers_own_open_items.result.json
